src/modules/auth/pages/LoginPage.test.tsx(1,52): error TS2307: Cannot find module '@testing-library/react' or its corresponding type declarations.
src/modules/auth/pages/LoginPage.test.tsx(2,42): error TS2307: Cannot find module 'vitest' or its corresponding type declarations.
src/modules/courses/components/CourseDetailModal.tsx(333,106): error TS2304: Cannot find name 'FileText'.
src/modules/courses/components/CourseDetailModal.tsx(392,44): error TS2304: Cannot find name 'HelpCircle'.
